******************************************************************************
               TMS320C6x Linker PC v8.1.2                      
******************************************************************************
>> Linked Thu Jan 20 12:52:59 2022

OUTPUT FILE NAME:   <liner_control.out>
ENTRY POINT SYMBOL: "_c_int00"  address: 00806ce0


MEMORY CONFIGURATION

         name            origin    length      used     unused   attr    fill
----------------------  --------  ---------  --------  --------  ----  --------
  DSPL2RAM              00800000   00040000  0001124d  0002edb3  RWIX
  SHAREDRAM             80000000   00020000  00000000  00020000  RWIX
  SDRAM                 c2000000   02000000  02000000  00000000  RWIX


SEGMENT ALLOCATION MAP

run origin  load origin   length   init length attrs members
----------  ----------- ---------- ----------- ----- -------
00800000    00800000    00006ee0   00006ee0    r-x
  00800000    00800000    00000020   00000020    r-x .boot
  00800020    00800020    00006ec0   00006ec0    r-x .text
00806ee0    00806ee0    00006051   00000000    rw-
  00806ee0    00806ee0    00004000   00000000    rw- .stack
  0080aee0    0080aee0    00002051   00000000    rw- .far
0080cf34    0080cf34    00000004   00000000    r--
  0080cf34    0080cf34    00000004   00000000    r-- .rodata
0080cf38    0080cf38    000017bc   000017bc    r--
  0080cf38    0080cf38    000017bc   000017bc    r-- .const
0080e6f8    0080e6f8    000014ec   00000000    rw-
  0080e6f8    0080e6f8    000013f4   00000000    rw- .fardata
  0080faf0    0080faf0    000000f4   00000000    rw- .neardata
0080fc00    0080fc00    00000200   00000200    r-x
  0080fc00    0080fc00    00000200   00000200    r-x .intvec
0080fe00    0080fe00    0000009c   00000000    rw-
  0080fe00    0080fe00    0000009c   00000000    rw- .bss
0080fe9c    0080fe9c    00000020   00000020    r--
  0080fe9c    0080fe9c    00000020   00000020    r-- .switch
0080fec0    0080fec0    000013b8   000013b8    r--
  0080fec0    0080fec0    000013b8   000013b8    r-- .cinit
c2000000    c2000000    02000000   00000000    rw-
  c2000000    c2000000    02000000   00000000    rw- .sysmem


SECTION ALLOCATION MAP

 output                                  attributes/
section   page    origin      length       input sections
--------  ----  ----------  ----------   ----------------
.boot      0    00800000    00000020     
                  00800000    00000020     sBOXv2dev.LIB : ccsboot.o67 (.boot)

.text      0    00800020    00006ec0     
                  00800020    000024e0     liner_control.o67 (.text)
                  00802500    00000bc0     sBOXv2dev.LIB : sys.o67 (.text)
                  008030c0    00000b80     rt_main.o67 (.text)
                  00803c40    000005c0     rts6740_elf.lib : divd.obj (.text:__c6xabi_divd)
                  00804200    000004e0     sBOXv2dev.LIB : io.o67 (.text)
                  008046e0    000004e0     to_memory_rt.o67 (.text)
                  00804bc0    000003e0     udcm6_sep.o67 (.text)
                  00804fa0    000003c0     rts6740_elf.lib : memory.obj (.text:free)
                  00805360    000003c0     to_host_rt.o67 (.text)
                  00805720    00000320     dam148ctrl.o67 (.text)
                  00805a40    000002a0     rts6740_elf.lib : divf.obj (.text:__c6xabi_divf)
                  00805ce0    000001c0     rt_main.o67 (.text:retain)
                  00805ea0    00000180     rts6740_elf.lib : memory.obj (.text:malloc)
                  00806020    00000140                     : autoinit.obj (.text:_auto_init_elf)
                  00806160    00000100                     : copy_decompress_rle.obj (.text:__TI_decompress_rle_core)
                  00806260    00000100                     : cpy_tbl.obj (.text:copy_in)
                  00806360    000000e0                     : divi.obj (.text:__divi)
                  00806440    000000e0                     : memset.obj (.text:memset)
                  00806520    000000c0                     : divu.obj (.text:__divu)
                  008065e0    000000c0                     : exit.obj (.text:exit)
                  008066a0    000000c0                     : memory.obj (.text:mremove)
                  00806760    000000c0     sBOXv2dev.LIB : sys.o67 (.text:retain)
                  00806820    000000c0     rt_nonfinite.o67 (.text)
                  008068e0    000000c0     rts6740_elf.lib : tls.obj (.text:tls:init:__TI_tls_init)
                  008069a0    000000a0                     : memory.obj (.text:_minit)
                  00806a40    000000a0                     : memcpy64.obj (.text:memcpy)
                  00806ae0    000000a0                     : memory.obj (.text:minsert)
                  00806b80    00000080                     : fixdu.obj (.text:__c6xabi_fixdu)
                  00806c00    00000080     liner_control_capi.o67 (.text)
                  00806c80    00000060     rts6740_elf.lib : llshift.obj (.text:__c6xabi_llshru)
                  00806ce0    00000060                     : boot.obj (.text:_c_int00)
                  00806d40    00000040                     : frcmpyd_div.obj (.text:__TI_frcmpyd_div)
                  00806d80    00000040                     : args_main.obj (.text:_args_main)
                  00806dc0    00000040     rtGetInf.o67 (.text)
                  00806e00    00000040     rtGetNaN.o67 (.text)
                  00806e40    00000020     rts6740_elf.lib : _lock.obj (.text:_nop)
                  00806e60    00000020                     : exit.obj (.text:abort)
                  00806e80    00000020                     : copy_zero_init.obj (.text:decompress:ZI:__TI_zero_init)
                  00806ea0    00000020                     : copy_decompress_none.obj (.text:decompress:none:__TI_decompress_none)
                  00806ec0    00000020                     : copy_decompress_rle.obj (.text:decompress:rle24:__TI_decompress_rle24)

.stack     0    00806ee0    00004000     UNINITIALIZED
                  00806ee0    00000008     rts6740_elf.lib : boot.obj (.stack)
                  00806ee8    00003ff8     --HOLE--

.far       0    0080aee0    00002051     UNINITIALIZED
                  0080aee0    00001528     (.common:liner_control_M_)
                  0080c408    000007d0     (.common:graphBlockTable)
                  0080cbd8    00000190     (.common:datasave_buf_ptr)
                  0080cd68    0000011c     (.common:liner_control_B)
                  0080ce84    00000004     --HOLE--
                  0080ce88    00000040     (.common:aidata)
                  0080cec8    00000040     (.common:liner_control_DW)
                  0080cf08    00000020     (.common:daStopCtrl)
                  0080cf28    00000001     (.common:OverrunFlags)
                  0080cf29    00000007     --HOLE--
                  0080cf30    00000001     (.common:eventFlags)

.rodata    0    0080cf34    00000004     UNINITIALIZED
                  0080cf34    00000004     liner_control.o67 (.rodata)

.const     0    0080cf38    000017bc     
                  0080cf38    00000934     liner_control_capi.o67 (.const:.string)
                  0080d86c    00000004     --HOLE-- [fill = 0]
                  0080d870    000007bc     liner_control_capi.o67 (.const:rtBlockParameters)
                  0080e02c    00000004     --HOLE-- [fill = 0]
                  0080e030    000004ec     liner_control_capi.o67 (.const:rtBlockSignals)
                  0080e51c    000000d8     liner_control.o67 (.const:.string)
                  0080e5f4    00000004     --HOLE-- [fill = 0]
                  0080e5f8    00000040     liner_control_capi.o67 (.const:rtDimensionMap)
                  0080e638    00000028     liner_control_capi.o67 (.const:rtDataTypeMap)
                  0080e660    00000020     liner_control_capi.o67 (.const:rtDimensionArray)
                  0080e680    0000001c     rt_main.o67 (.const:.string)
                  0080e69c    00000004     --HOLE-- [fill = 0]
                  0080e6a0    00000018     liner_control_capi.o67 (.const:rtSampleTimeMap)
                  0080e6b8    00000010     liner_control_capi.o67 (.const:rtElementMap)
                  0080e6c8    00000010     liner_control_capi.o67 (.const:rtFixPtMap)
                  0080e6d8    00000010     liner_control_capi.o67 (.const:rtModelParameters)
                  0080e6e8    0000000c     liner_control_capi.o67 (.const:rtcapiStoredFloats)

.fardata   0    0080e6f8    000013f4     UNINITIALIZED
                  0080e6f8    00000968     liner_control.o67 (.fardata:pDataValues0$2)
                  0080f060    000004b4     liner_control.o67 (.fardata:pTimeValues0$1)
                  0080f514    000002f8     liner_control_data.o67 (.fardata)
                  0080f80c    00000004     rts6740_elf.lib : _lock.obj (.fardata:_lock)
                  0080f810    00000238     liner_control_capi.o67 (.fardata:rtDataAddrMap)
                  0080fa48    00000068     liner_control_capi.o67 (.fardata)
                  0080fab0    00000020     rt_main.o67 (.fardata)
                  0080fad0    0000000c     rts6740_elf.lib : exit.obj (.fardata)
                  0080fadc    00000008                     : memory.obj (.fardata)
                  0080fae4    00000004                     : _lock.obj (.fardata:_unlock)
                  0080fae8    00000004     liner_control_capi.o67 (.fardata:rtVarDimsAddrMap)

.neardata 
*          0    0080faf0    000000f4     UNINITIALIZED
                  0080faf0    000000ec     rt_main.o67 (.neardata)
                  0080fbdc    00000004     sBOXv2dev.LIB : sys.o67 (.neardata)
                  0080fbe0    00000004     to_memory_rt.o67 (.neardata)

.intvec    0    0080fc00    00000200     
                  0080fc00    00000200     sBOXv2dev.LIB : ccsboot.o67 (.intvec)

.bss       0    0080fe00    0000009c     UNINITIALIZED
                  0080fe00    00000040     sBOXv2dev.LIB : ccsboot.o67 (.bss)
                  0080fe40    00000004     (.common:datasave_buf)
                  0080fe44    00000004     (.common:didata)
                  0080fe48    00000004     (.common:ext_trg_start_value)
                  0080fe4c    00000004     (.common:fbk_bufptr)
                  0080fe50    00000004     (.common:fbk_channels)
                  0080fe54    00000004     (.common:fbk_dataadr)
                  0080fe58    00000004     (.common:fbk_datalen)
                  0080fe5c    00000004     (.common:fbk_pre_trig)
                  0080fe60    00000004     (.common:fbk_setflag)
                  0080fe64    00000004     (.common:fbk_status)
                  0080fe68    00000004     (.common:fbk_trgflag)
                  0080fe6c    00000004     (.common:fbk_trigger)
                  0080fe70    00000004     (.common:flag_rt_UpdateContinuousStates_ext_stop)
                  0080fe74    00000004     (.common:passBlockAddress)
                  0080fe78    00000004     (.common:postrig_cnt)
                  0080fe7c    00000004     (.common:pretrig_cnt)
                  0080fe80    00000004     (.common:rtInf)
                  0080fe84    00000004     (.common:rtInfF)
                  0080fe88    00000004     (.common:rtMinusInf)
                  0080fe8c    00000004     (.common:rtMinusInfF)
                  0080fe90    00000004     (.common:rtNaN)
                  0080fe94    00000004     (.common:rtNaNF)
                  0080fe98    00000004     (.common:size_of_real_t)

.cinit     0    0080fec0    000013b8     
                  0080fec0    0000133c     (.cinit..fardata.load) [load image, compression = rle]
                  008111fc    00000026     (.cinit..neardata.load) [load image, compression = rle]
                  00811222    00000002     --HOLE-- [fill = 0]
                  00811224    0000000c     (__TI_handler_table)
                  00811230    0000000a     (.cinit..rodata.load) [load image, compression = rle]
                  0081123a    00000002     --HOLE-- [fill = 0]
                  0081123c    00000008     (.cinit..bss.load) [load image, compression = zero_init]
                  00811244    00000008     (.cinit..far.load) [load image, compression = zero_init]
                  0081124c    00000004     --HOLE-- [fill = 0]
                  00811250    00000028     (__TI_cinit_table)

.switch    0    0080fe9c    00000020     
                  0080fe9c    00000020     rt_main.o67 (.switch:main)

.sysmem    0    c2000000    02000000     UNINITIALIZED
                  c2000000    00000008     rts6740_elf.lib : memory.obj (.sysmem)
                  c2000008    01fffff8     --HOLE--

MODULE SUMMARY

       Module                     code    ro data   rw data 
       ------                     ----    -------   ------- 
    <current directory>
       liner_control.o67          9440    220       9376    
       liner_control_capi.o67     128     5816      676     
       rt_main.o67                3392    60        2422    
       to_memory_rt.o67           1248    0         416     
       udcm6_sep.o67              992     0         0       
       to_host_rt.o67             960     0         0       
       dam148ctrl.o67             800     0         0       
       liner_control_data.o67     0       0         760     
       rt_nonfinite.o67           192     0         24      
       rtGetInf.o67               64      0         0       
       rtGetNaN.o67               64      0         0       
    +--+--------------------------+-------+---------+----------+
       Total:                     17280   6096      13674   
                                                            
    C:\WinPass\sBOX2\passLib\sBOXv2dev.LIB
       sys.o67                    3200    0         4       
       io.o67                     1248    0         0       
       ccsboot.o67                544     0         64      
    +--+--------------------------+-------+---------+----------+
       Total:                     4992    0         68      
                                                            
    C:\ti\ccsv7\tools\compiler\ti-cgt-c6000_8.1.2\lib\rts6740_elf.lib
       memory.obj                 1856    0         8       
       divd.obj                   1472    0         0       
       divf.obj                   672     0         0       
       autoinit.obj               320     0         0       
       copy_decompress_rle.obj    288     0         0       
       cpy_tbl.obj                256     0         0       
       exit.obj                   224     0         12      
       divi.obj                   224     0         0       
       memset.obj                 224     0         0       
       divu.obj                   192     0         0       
       tls.obj                    192     0         0       
       memcpy64.obj               160     0         0       
       fixdu.obj                  128     0         0       
       boot.obj                   96      0         0       
       llshift.obj                96      0         0       
       args_main.obj              64      0         0       
       frcmpyd_div.obj            64      0         0       
       _lock.obj                  32      0         8       
       copy_decompress_none.obj   32      0         0       
       copy_zero_init.obj         32      0         0       
    +--+--------------------------+-------+---------+----------+
       Total:                     6624    0         28      
                                                            
       Heap:                      0       0         33554432
       Stack:                     0       0         16384   
       Linker Generated:          0       5040      0       
    +--+--------------------------+-------+---------+----------+
       Grand Total:               28896   11136     33584586


LINKER GENERATED COPY TABLES

__TI_cinit_table @ 00811250 records: 5, size/record: 8, table size: 40
	.fardata: load addr=0080fec0, load size=0000133c bytes, run addr=0080e6f8, run size=000013f4 bytes, compression=rle
	.neardata: load addr=008111fc, load size=00000026 bytes, run addr=0080faf0, run size=000000f4 bytes, compression=rle
	.rodata: load addr=00811230, load size=0000000a bytes, run addr=0080cf34, run size=00000004 bytes, compression=rle
	.bss: load addr=0081123c, load size=00000008 bytes, run addr=0080fe00, run size=0000009c bytes, compression=zero_init
	.far: load addr=00811244, load size=00000008 bytes, run addr=0080aee0, run size=00002051 bytes, compression=zero_init


LINKER GENERATED HANDLER TABLE

__TI_handler_table @ 00811224 records: 3, size/record: 4, table size: 12
	index: 0, handler: __TI_zero_init
	index: 1, handler: __TI_decompress_rle24
	index: 2, handler: __TI_decompress_none


GLOBAL SYMBOLS: SORTED ALPHABETICALLY BY Name 

address   name                                    
-------   ----                                    
00806e60  C$$EXIT                                 
00802754  RXReady                                 
00802500  TXReady                                 
00811250  __TI_CINIT_Base                         
00811278  __TI_CINIT_Limit                        
00811224  __TI_Handler_Table_Base                 
00811230  __TI_Handler_Table_Limit                
UNDEFED   __TI_INITARRAY_Base                     
UNDEFED   __TI_INITARRAY_Limit                    
0080aee0  __TI_STACK_END                          
00004000  __TI_STACK_SIZE                         
0080cf34  __TI_STATIC_BASE                        
02000000  __TI_SYSMEM_SIZE                        
UNDEFED   __TI_TLS_INIT_Base                      
UNDEFED   __TI_TLS_INIT_Limit                     
0080fad0  __TI_cleanup_ptr                        
00806ea0  __TI_decompress_none                    
00806ec0  __TI_decompress_rle24                   
0080fad4  __TI_dtors_ptr                          
0080fad8  __TI_enable_exit_profile_output         
00806d40  __TI_frcmpyd_div                        
ffffffff  __TI_pprof_out_hndl                     
ffffffff  __TI_prof_data_size                     
ffffffff  __TI_prof_data_start                    
008068e0  __TI_tls_init                           
00806e80  __TI_zero_init                          
ffffffff  __binit__                               
00803c40  __c6xabi_divd                           
00805a40  __c6xabi_divf                           
00806360  __c6xabi_divi                           
00806520  __c6xabi_divu                           
00806b80  __c6xabi_fixdu                          
00806c80  __c6xabi_llshru                         
ffffffff  __c_args__                              
00806360  __divi                                  
00806520  __divu                                  
00806d80  _args_main                              
00806020  _auto_init_elf                          
00806ce0  _c_int00                                
0080f80c  _lock                                   
008069a0  _minit                                  
00806e40  _nop                                    
00806ee0  _stack                                  
c2000000  _sys_memory                             
0080fae4  _unlock                                 
00806e60  abort                                   
0080fbd0  adr_rtDataAddrMap                       
0080ce88  aidata                                  
ffffffff  binit                                   
00800000  boot                                    
0080fbb0  buf_available                           
0080fbb4  buf_seq_no                              
00805ce0  c_int02                                 
0080fb2c  chkdata                                 
0080fb88  cint02_counter                          
00806260  copy_in                                 
0080cf08  daStopCtrl                              
008059e0  dam148ctrl                              
0080fe40  datasave_buf                            
0080cbd8  datasave_buf_ptr                        
0080fbc8  decimate                                
0080fe44  didata                                  
0080fbd4  dsp_start_enable                        
0080fb00  dsp_work_rate                           
0080fb04  dsp_work_rate_max                       
0080faf8  dsp_work_time                           
0080fafc  dsp_work_time_max                       
008065e0  exit                                    
0080fb8c  ext_trg_start_cond                      
0080fe48  ext_trg_start_value                     
0080fb90  ext_trg_stop_cond                       
0080fe4c  fbk_bufptr                              
0080fe50  fbk_channels                            
0080fe54  fbk_dataadr                             
0080fe58  fbk_datalen                             
0080fe5c  fbk_pre_trig                            
0080fe60  fbk_setflag                             
0080fe64  fbk_status                              
0080fe68  fbk_trgflag                             
0080fe6c  fbk_trigger                             
0080fbc0  firstloop                               
0080fb54  flag_rt_UpdateContinuousStates          
0080fb58  flag_rt_UpdateContinuousStates_adm166   
0080fb5c  flag_rt_UpdateContinuousStates_dam148   
0080fb60  flag_rt_UpdateContinuousStates_dim8     
0080fb64  flag_rt_UpdateContinuousStates_dom8     
0080fe70  flag_rt_UpdateContinuousStates_ext_stop 
0080fb6c  flag_rt_UpdateContinuousStates_to_host  
0080fb70  flag_rt_UpdateContinuousStates_to_memory
0080fb68  flag_rt_UpdateContinuousStates_udcm6    
00804fa0  free                                    
0080fbbc  graphBlockMax                           
0080c408  graphBlockTable                         
0080fb84  include_audio_block                     
0080fb28  int_overhead_end                        
0080fb24  int_overhead_front                      
0080fc00  ist_base                                
008000c4  li_frictioncompensationbymatlab         
0080cd68  liner_control_B                         
0080cec8  liner_control_DW                        
00806c64  liner_control_GetCAPIStaticMap          
00806c00  liner_control_InitializeDataMapInfo     
0080cf34  liner_control_M                         
0080aee0  liner_control_M_                        
0080f514  liner_control_P                         
00800f28  liner_control_initialize                
008001e8  liner_control_step                      
00800020  liner_control_terminate                 
008033f4  main                                    
00805ea0  malloc                                  
00806a40  memcpy                                  
00806440  memset                                  
0080fbb8  nptr                                    
0080fb3c  passBioAddress                          
0080fe74  passBlockAddress                        
0080fb44  passBlockNumber                         
0080fb40  passBlockSetFlag                        
0080fba8  passClockMaster                         
0080fbac  passDataSeq                             
0080fbc4  passDecimate                            
00803188  passErrMsg                              
0080fb08  passErrorCode                           
0080fb38  passErrorFlag                           
008032ac  passGraphAddBlock                       
00803248  passGraphChgBlock                       
008031f8  passGraphDelAllBlock                    
00803194  passGraphDelBlock                       
0080fb48  passGraphPointer                        
0080fb4c  passGraphValidSize                      
0080fb18  passRealPeriod                          
0080fb34  passRunStatus                           
0080fb10  passSamplingPeriod                      
0080fb20  passSamplingPeriod_in_usec              
00803184  passSetClock                            
0080316c  passSetDecimation                       
0080fb30  passStartFlag                           
00803168  passSuchiAddBlock                       
0080fb50  passThinout                             
0080fab0  progCntTable                            
0080fac0  progCntTable2                           
0080fbcc  qdma_opt                                
00806dd8  rtGetInf                                
00806dd0  rtGetInfF                               
00806dc8  rtGetMinusInf                           
00806dc0  rtGetMinusInfF                          
00806e28  rtGetNaN                                
00806e00  rtGetNaNF                               
0080fe80  rtInf                                   
0080fe84  rtInfF                                  
008068ac  rtIsInf                                 
0080688c  rtIsInfF                                
00806884  rtIsNaN                                 
00806860  rtIsNaNF                                
0080fe88  rtMinusInf                              
0080fe8c  rtMinusInfF                             
0080fe90  rtNaN                                   
0080fe94  rtNaNF                                  
00806820  rt_InitInfAndNaN                        
00803148  rt_InitModel                            
008030c0  rt_TermModel                            
0080468c  sBOX_AdTrgSet                           
00802c00  sBOX_ClockFreqSet                       
00802f20  sBOX_ClockSet                           
00802d88  sBOX_ClockStart                         
00802994  sBOX_ClockStop                          
00804654  sBOX_CntCmpSet                          
00804634  sBOX_CntGet                             
00804520  sBOX_CntIntSet                          
008043a0  sBOX_CntModeSet                         
00804384  sBOX_CntPut                             
00804348  sBOX_CntTrgSet                          
00804240  sBOX_CntZPoleSet                        
00804200  sBOX_DaTrgSet                           
00803030  sBOX_EVMIntSet                          
00802fcc  sBOX_EVMIntUnSet                        
00802f8c  sBOX_Exit                               
00802ba0  sBOX_Init                               
008028e0  sBOX_IntSet                             
00802828  sBOX_IntUnSet                           
008027a0  sBOX_SerialGet                          
00802620  sBOX_SerialOpen                         
008025ac  sBOX_SerialPut                          
00802548  sBOX_SerialPutCRLF                      
0080fbdc  sBOX_sys_error                          
0080fe98  size_of_real_t                          
0080fb94  sys_check1                              
0080fb98  sys_check2                              
0080fb9c  sys_check3                              
0080fba0  sys_check4                              
0080fba4  sys_check5                              
0080faf4  sys_int_count                           
0080faf0  sys_loop_main                           
0080fb74  testcount_rtm1                          
0080fb78  testcount_rtm2                          
0080fb7c  testcount_rtm3                          
0080fb80  testcount_rtm4                          
00805360  to_host_rt                              
008046e0  to_memory_rt                            
00804bc0  udcm6_sep                               
0080fe00  vect_table                              


GLOBAL SYMBOLS: SORTED BY Symbol Address 

address   name                                    
-------   ----                                    
00004000  __TI_STACK_SIZE                         
00800000  boot                                    
00800020  liner_control_terminate                 
008000c4  li_frictioncompensationbymatlab         
008001e8  liner_control_step                      
00800f28  liner_control_initialize                
00802500  TXReady                                 
00802548  sBOX_SerialPutCRLF                      
008025ac  sBOX_SerialPut                          
00802620  sBOX_SerialOpen                         
00802754  RXReady                                 
008027a0  sBOX_SerialGet                          
00802828  sBOX_IntUnSet                           
008028e0  sBOX_IntSet                             
00802994  sBOX_ClockStop                          
00802ba0  sBOX_Init                               
00802c00  sBOX_ClockFreqSet                       
00802d88  sBOX_ClockStart                         
00802f20  sBOX_ClockSet                           
00802f8c  sBOX_Exit                               
00802fcc  sBOX_EVMIntUnSet                        
00803030  sBOX_EVMIntSet                          
008030c0  rt_TermModel                            
00803148  rt_InitModel                            
00803168  passSuchiAddBlock                       
0080316c  passSetDecimation                       
00803184  passSetClock                            
00803188  passErrMsg                              
00803194  passGraphDelBlock                       
008031f8  passGraphDelAllBlock                    
00803248  passGraphChgBlock                       
008032ac  passGraphAddBlock                       
008033f4  main                                    
00803c40  __c6xabi_divd                           
00804200  sBOX_DaTrgSet                           
00804240  sBOX_CntZPoleSet                        
00804348  sBOX_CntTrgSet                          
00804384  sBOX_CntPut                             
008043a0  sBOX_CntModeSet                         
00804520  sBOX_CntIntSet                          
00804634  sBOX_CntGet                             
00804654  sBOX_CntCmpSet                          
0080468c  sBOX_AdTrgSet                           
008046e0  to_memory_rt                            
00804bc0  udcm6_sep                               
00804fa0  free                                    
00805360  to_host_rt                              
008059e0  dam148ctrl                              
00805a40  __c6xabi_divf                           
00805ce0  c_int02                                 
00805ea0  malloc                                  
00806020  _auto_init_elf                          
00806260  copy_in                                 
00806360  __c6xabi_divi                           
00806360  __divi                                  
00806440  memset                                  
00806520  __c6xabi_divu                           
00806520  __divu                                  
008065e0  exit                                    
00806820  rt_InitInfAndNaN                        
00806860  rtIsNaNF                                
00806884  rtIsNaN                                 
0080688c  rtIsInfF                                
008068ac  rtIsInf                                 
008068e0  __TI_tls_init                           
008069a0  _minit                                  
00806a40  memcpy                                  
00806b80  __c6xabi_fixdu                          
00806c00  liner_control_InitializeDataMapInfo     
00806c64  liner_control_GetCAPIStaticMap          
00806c80  __c6xabi_llshru                         
00806ce0  _c_int00                                
00806d40  __TI_frcmpyd_div                        
00806d80  _args_main                              
00806dc0  rtGetMinusInfF                          
00806dc8  rtGetMinusInf                           
00806dd0  rtGetInfF                               
00806dd8  rtGetInf                                
00806e00  rtGetNaNF                               
00806e28  rtGetNaN                                
00806e40  _nop                                    
00806e60  C$$EXIT                                 
00806e60  abort                                   
00806e80  __TI_zero_init                          
00806ea0  __TI_decompress_none                    
00806ec0  __TI_decompress_rle24                   
00806ee0  _stack                                  
0080aee0  __TI_STACK_END                          
0080aee0  liner_control_M_                        
0080c408  graphBlockTable                         
0080cbd8  datasave_buf_ptr                        
0080cd68  liner_control_B                         
0080ce88  aidata                                  
0080cec8  liner_control_DW                        
0080cf08  daStopCtrl                              
0080cf34  __TI_STATIC_BASE                        
0080cf34  liner_control_M                         
0080f514  liner_control_P                         
0080f80c  _lock                                   
0080fab0  progCntTable                            
0080fac0  progCntTable2                           
0080fad0  __TI_cleanup_ptr                        
0080fad4  __TI_dtors_ptr                          
0080fad8  __TI_enable_exit_profile_output         
0080fae4  _unlock                                 
0080faf0  sys_loop_main                           
0080faf4  sys_int_count                           
0080faf8  dsp_work_time                           
0080fafc  dsp_work_time_max                       
0080fb00  dsp_work_rate                           
0080fb04  dsp_work_rate_max                       
0080fb08  passErrorCode                           
0080fb10  passSamplingPeriod                      
0080fb18  passRealPeriod                          
0080fb20  passSamplingPeriod_in_usec              
0080fb24  int_overhead_front                      
0080fb28  int_overhead_end                        
0080fb2c  chkdata                                 
0080fb30  passStartFlag                           
0080fb34  passRunStatus                           
0080fb38  passErrorFlag                           
0080fb3c  passBioAddress                          
0080fb40  passBlockSetFlag                        
0080fb44  passBlockNumber                         
0080fb48  passGraphPointer                        
0080fb4c  passGraphValidSize                      
0080fb50  passThinout                             
0080fb54  flag_rt_UpdateContinuousStates          
0080fb58  flag_rt_UpdateContinuousStates_adm166   
0080fb5c  flag_rt_UpdateContinuousStates_dam148   
0080fb60  flag_rt_UpdateContinuousStates_dim8     
0080fb64  flag_rt_UpdateContinuousStates_dom8     
0080fb68  flag_rt_UpdateContinuousStates_udcm6    
0080fb6c  flag_rt_UpdateContinuousStates_to_host  
0080fb70  flag_rt_UpdateContinuousStates_to_memory
0080fb74  testcount_rtm1                          
0080fb78  testcount_rtm2                          
0080fb7c  testcount_rtm3                          
0080fb80  testcount_rtm4                          
0080fb84  include_audio_block                     
0080fb88  cint02_counter                          
0080fb8c  ext_trg_start_cond                      
0080fb90  ext_trg_stop_cond                       
0080fb94  sys_check1                              
0080fb98  sys_check2                              
0080fb9c  sys_check3                              
0080fba0  sys_check4                              
0080fba4  sys_check5                              
0080fba8  passClockMaster                         
0080fbac  passDataSeq                             
0080fbb0  buf_available                           
0080fbb4  buf_seq_no                              
0080fbb8  nptr                                    
0080fbbc  graphBlockMax                           
0080fbc0  firstloop                               
0080fbc4  passDecimate                            
0080fbc8  decimate                                
0080fbcc  qdma_opt                                
0080fbd0  adr_rtDataAddrMap                       
0080fbd4  dsp_start_enable                        
0080fbdc  sBOX_sys_error                          
0080fc00  ist_base                                
0080fe00  vect_table                              
0080fe40  datasave_buf                            
0080fe44  didata                                  
0080fe48  ext_trg_start_value                     
0080fe4c  fbk_bufptr                              
0080fe50  fbk_channels                            
0080fe54  fbk_dataadr                             
0080fe58  fbk_datalen                             
0080fe5c  fbk_pre_trig                            
0080fe60  fbk_setflag                             
0080fe64  fbk_status                              
0080fe68  fbk_trgflag                             
0080fe6c  fbk_trigger                             
0080fe70  flag_rt_UpdateContinuousStates_ext_stop 
0080fe74  passBlockAddress                        
0080fe80  rtInf                                   
0080fe84  rtInfF                                  
0080fe88  rtMinusInf                              
0080fe8c  rtMinusInfF                             
0080fe90  rtNaN                                   
0080fe94  rtNaNF                                  
0080fe98  size_of_real_t                          
00811224  __TI_Handler_Table_Base                 
00811230  __TI_Handler_Table_Limit                
00811250  __TI_CINIT_Base                         
00811278  __TI_CINIT_Limit                        
02000000  __TI_SYSMEM_SIZE                        
c2000000  _sys_memory                             
ffffffff  __TI_pprof_out_hndl                     
ffffffff  __TI_prof_data_size                     
ffffffff  __TI_prof_data_start                    
ffffffff  __binit__                               
ffffffff  __c_args__                              
ffffffff  binit                                   
UNDEFED   __TI_INITARRAY_Base                     
UNDEFED   __TI_INITARRAY_Limit                    
UNDEFED   __TI_TLS_INIT_Base                      
UNDEFED   __TI_TLS_INIT_Limit                     

[200 symbols]
